[shift] device: mps
/Users/palvashamadireddy/.pyenv/versions/3.11.9/lib/python3.11/site-packages/torchvision/datasets/cifar.py:83: VisibleDeprecationWarning: dtype(): align should be passed as Python or NumPy boolean but got `align=0`. Did you mean to pass a tuple to create a subarray type? (Deprecated NumPy 2.4)
  entry = pickle.load(f, encoding="latin1")
[shift] fitted temperature = 1.1824
[shift] gaussian_noise   sev1  acc=0.5211 ece=0.0948 conf=0.6131
[shift] gaussian_noise   sev3  acc=0.2414 ece=0.4704 conf=0.7118
[shift] gaussian_noise   sev5  acc=0.1638 ece=0.6774 conf=0.8412
[shift] motion_blur      sev1  acc=0.5101 ece=0.0424 conf=0.5376
[shift] motion_blur      sev3  acc=0.3280 ece=0.1397 conf=0.4677
[shift] motion_blur      sev5  acc=0.2397 ece=0.2218 conf=0.4615
[shift] fog              sev1  acc=0.7199 ece=0.0442 conf=0.6758
[shift] fog              sev3  acc=0.7011 ece=0.0418 conf=0.6594
[shift] fog              sev5  acc=0.6779 ece=0.0408 conf=0.6371
[shift] brightness       sev1  acc=0.6323 ece=0.0344 conf=0.5981
[shift] brightness       sev3  acc=0.3804 ece=0.1552 conf=0.5355
[shift] brightness       sev5  acc=0.1149 ece=0.3890 conf=0.5039
[shift] contrast         sev1  acc=0.7189 ece=0.0465 conf=0.6724
[shift] contrast         sev3  acc=0.5402 ece=0.0461 conf=0.5861
[shift] contrast         sev5  acc=0.1848 ece=0.2425 conf=0.4273
[shift] AUROC (gaussian_noise_sev5): softmax@gaussian_noise_sev5=0.308, entropy@gaussian_noise_sev5=0.290, mc_entropy@gaussian_noise_sev5=0.313, mc_variance@gaussian_noise_sev5=0.619
[shift] AUROC (contrast_sev5): softmax@contrast_sev5=0.806, entropy@contrast_sev5=0.803, mc_entropy@contrast_sev5=0.812, mc_variance@contrast_sev5=0.785
[shift] gaussian_noise sev5    A. Softmax (MSP)               full_acc=0.1638  acc@90%cov=0.1748
[shift] gaussian_noise sev5    D. Entropy                     full_acc=0.1638  acc@90%cov=0.1770
[shift] gaussian_noise sev5    B. MC Dropout (entropy)        full_acc=0.1638  acc@90%cov=0.1720
[shift] gaussian_noise sev5    B. MC Dropout (variance)       full_acc=0.1638  acc@90%cov=0.1671
[shift] fog sev5               A. Softmax (MSP)               full_acc=0.6779  acc@90%cov=0.7189
[shift] fog sev5               D. Entropy                     full_acc=0.6779  acc@90%cov=0.7151
[shift] fog sev5               B. MC Dropout (entropy)        full_acc=0.6779  acc@90%cov=0.6778
[shift] fog sev5               B. MC Dropout (variance)       full_acc=0.6779  acc@90%cov=0.6716
[shift] saved -> results/shift_eval.json
