[train] tag=member_2 seed=55 device=cpu epochs=20
/Users/palvashamadireddy/.pyenv/versions/3.11.9/lib/python3.11/site-packages/torchvision/datasets/cifar.py:83: VisibleDeprecationWarning: dtype(): align should be passed as Python or NumPy boolean but got `align=0`. Did you mean to pass a tuple to create a subarray type? (Deprecated NumPy 2.4)
  entry = pickle.load(f, encoding="latin1")
[train] warm-started from checkpoints/baseline_cnn.pt
[train] epoch 01/20  loss=0.9860  train_acc=0.6521  cal_acc=0.6877  test_acc=0.6766  (1239s)
[train] epoch 02/20  loss=0.9698  train_acc=0.6573  cal_acc=0.6895  test_acc=0.6804  (3032s)
[train] epoch 03/20  loss=0.9558  train_acc=0.6601  cal_acc=0.6759  test_acc=0.6751  (19416s)
[train] epoch 04/20  loss=0.9523  train_acc=0.6623  cal_acc=0.7031  test_acc=0.6991  (45844s)
[train] epoch 05/20  loss=0.9414  train_acc=0.6697  cal_acc=0.7041  test_acc=0.7043  (46866s)
[train] epoch 06/20  loss=0.9151  train_acc=0.6771  cal_acc=0.7147  test_acc=0.7112  (50313s)
[train] epoch 07/20  loss=0.8976  train_acc=0.6836  cal_acc=0.6897  test_acc=0.6881  (51618s)
[train] epoch 08/20  loss=0.8784  train_acc=0.6895  cal_acc=0.7169  test_acc=0.7078  (52326s)
[train] epoch 09/20  loss=0.8541  train_acc=0.6989  cal_acc=0.7327  test_acc=0.7207  (53105s)
[train] epoch 10/20  loss=0.8382  train_acc=0.7039  cal_acc=0.7209  test_acc=0.7138  (53812s)
[train] epoch 11/20  loss=0.8183  train_acc=0.7129  cal_acc=0.7457  test_acc=0.7319  (54529s)
[train] epoch 12/20  loss=0.7974  train_acc=0.7199  cal_acc=0.7441  test_acc=0.7343  (55232s)
[train] epoch 13/20  loss=0.7748  train_acc=0.7263  cal_acc=0.7387  test_acc=0.7362  (55701s)
[train] epoch 14/20  loss=0.7563  train_acc=0.7325  cal_acc=0.7554  test_acc=0.7475  (55984s)
[train] epoch 15/20  loss=0.7365  train_acc=0.7391  cal_acc=0.7596  test_acc=0.7460  (56209s)
[train] epoch 16/20  loss=0.7331  train_acc=0.7387  cal_acc=0.7622  test_acc=0.7560  (56508s)
[train] epoch 17/20  loss=0.7136  train_acc=0.7470  cal_acc=0.7630  test_acc=0.7537  (56662s)
[train] epoch 18/20  loss=0.7082  train_acc=0.7495  cal_acc=0.7650  test_acc=0.7583  (56813s)
[train] epoch 19/20  loss=0.6988  train_acc=0.7505  cal_acc=0.7678  test_acc=0.7587  (56967s)
[train] epoch 20/20  loss=0.7012  train_acc=0.7520  cal_acc=0.7676  test_acc=0.7595  (57123s)
[train] done for 'member_2'. best cal_acc=0.7678, best test_acc=0.7595
[train] checkpoint -> /Users/palvashamadireddy/Downloads/Internship /checkpoints/member_2.pt
