[train] tag=member_1 seed=99 device=cpu epochs=20
/Users/palvashamadireddy/.pyenv/versions/3.11.9/lib/python3.11/site-packages/torchvision/datasets/cifar.py:83: VisibleDeprecationWarning: dtype(): align should be passed as Python or NumPy boolean but got `align=0`. Did you mean to pass a tuple to create a subarray type? (Deprecated NumPy 2.4)
  entry = pickle.load(f, encoding="latin1")
[train] epoch 01/20  loss=1.8974  train_acc=0.2942  cal_acc=0.4299  test_acc=0.4340  (692s)
[train] epoch 02/20  loss=1.5278  train_acc=0.4423  cal_acc=0.5231  test_acc=0.5176  (1552s)
[train] epoch 03/20  loss=1.3694  train_acc=0.5062  cal_acc=0.5743  test_acc=0.5707  (2562s)
[train] epoch 04/20  loss=1.2660  train_acc=0.5456  cal_acc=0.5949  test_acc=0.5881  (3280s)
[train] epoch 05/20  loss=1.1772  train_acc=0.5781  cal_acc=0.6239  test_acc=0.6187  (5037s)
[train] epoch 06/20  loss=1.1023  train_acc=0.6102  cal_acc=0.6415  test_acc=0.6377  (6528s)
[train] epoch 07/20  loss=1.0540  train_acc=0.6275  cal_acc=0.6695  test_acc=0.6591  (31929s)
[train] epoch 08/20  loss=1.0152  train_acc=0.6412  cal_acc=0.6727  test_acc=0.6748  (49315s)
[train] epoch 09/20  loss=0.9673  train_acc=0.6593  cal_acc=0.6893  test_acc=0.6895  (51278s)
[train] epoch 10/20  loss=0.9339  train_acc=0.6694  cal_acc=0.6871  test_acc=0.6834  (53831s)
[train] epoch 11/20  loss=0.8954  train_acc=0.6873  cal_acc=0.6901  test_acc=0.6947  (54942s)
[train] epoch 12/20  loss=0.8605  train_acc=0.6987  cal_acc=0.7093  test_acc=0.7110  (55623s)
[train] epoch 13/20  loss=0.8396  train_acc=0.7029  cal_acc=0.7311  test_acc=0.7249  (56392s)
[train] epoch 14/20  loss=0.8094  train_acc=0.7149  cal_acc=0.7307  test_acc=0.7229  (57113s)
[train] epoch 15/20  loss=0.7859  train_acc=0.7257  cal_acc=0.7421  test_acc=0.7365  (57813s)
[train] epoch 16/20  loss=0.7669  train_acc=0.7295  cal_acc=0.7495  test_acc=0.7411  (58533s)
[train] epoch 17/20  loss=0.7501  train_acc=0.7366  cal_acc=0.7427  test_acc=0.7409  (58864s)
[train] epoch 18/20  loss=0.7351  train_acc=0.7406  cal_acc=0.7508  test_acc=0.7449  (59115s)
[train] epoch 19/20  loss=0.7303  train_acc=0.7447  cal_acc=0.7506  test_acc=0.7430  (59363s)
[train] epoch 20/20  loss=0.7283  train_acc=0.7407  cal_acc=0.7548  test_acc=0.7470  (59620s)
[train] done for 'member_1'. best cal_acc=0.7548, best test_acc=0.7470
[train] checkpoint -> /Users/palvashamadireddy/Downloads/Internship /checkpoints/member_1.pt
