[train] tag=member_3 seed=1234 device=cpu epochs=20
/Users/palvashamadireddy/.pyenv/versions/3.11.9/lib/python3.11/site-packages/torchvision/datasets/cifar.py:83: VisibleDeprecationWarning: dtype(): align should be passed as Python or NumPy boolean but got `align=0`. Did you mean to pass a tuple to create a subarray type? (Deprecated NumPy 2.4)
  entry = pickle.load(f, encoding="latin1")
[train] epoch 01/20  loss=1.9370  train_acc=0.2786  cal_acc=0.3779  test_acc=0.3907  (599s)
[train] epoch 02/20  loss=1.6733  train_acc=0.3836  cal_acc=0.4301  test_acc=0.4340  (2290s)
[train] epoch 03/20  loss=1.5690  train_acc=0.4245  cal_acc=0.4921  test_acc=0.4955  (2993s)
[train] epoch 04/20  loss=1.4766  train_acc=0.4655  cal_acc=0.5139  test_acc=0.5117  (3698s)
[train] epoch 05/20  loss=1.4117  train_acc=0.4861  cal_acc=0.5417  test_acc=0.5451  (4601s)
[train] epoch 06/20  loss=1.3307  train_acc=0.5163  cal_acc=0.5683  test_acc=0.5652  (5581s)
[train] epoch 07/20  loss=1.2720  train_acc=0.5392  cal_acc=0.5825  test_acc=0.5815  (6344s)
[train] epoch 08/20  loss=1.2229  train_acc=0.5605  cal_acc=0.6185  test_acc=0.6020  (8170s)
[train] epoch 09/20  loss=1.1799  train_acc=0.5749  cal_acc=0.6291  test_acc=0.6151  (9582s)
[train] epoch 10/20  loss=1.1440  train_acc=0.5907  cal_acc=0.6363  test_acc=0.6236  (36245s)
[train] epoch 11/20  loss=1.1052  train_acc=0.6043  cal_acc=0.6473  test_acc=0.6388  (52327s)
[train] epoch 12/20  loss=1.0761  train_acc=0.6174  cal_acc=0.6627  test_acc=0.6500  (55746s)
[train] epoch 13/20  loss=1.0449  train_acc=0.6290  cal_acc=0.6679  test_acc=0.6575  (56930s)
[train] epoch 14/20  loss=1.0138  train_acc=0.6391  cal_acc=0.6827  test_acc=0.6672  (57935s)
[train] epoch 15/20  loss=1.0011  train_acc=0.6459  cal_acc=0.6767  test_acc=0.6709  (58644s)
[train] epoch 16/20  loss=0.9758  train_acc=0.6522  cal_acc=0.6937  test_acc=0.6765  (59392s)
[train] epoch 17/20  loss=0.9632  train_acc=0.6571  cal_acc=0.6871  test_acc=0.6765  (60110s)
[train] epoch 18/20  loss=0.9467  train_acc=0.6646  cal_acc=0.6943  test_acc=0.6807  (60811s)
[train] epoch 19/20  loss=0.9405  train_acc=0.6640  cal_acc=0.6911  test_acc=0.6834  (61482s)
[train] epoch 20/20  loss=0.9375  train_acc=0.6687  cal_acc=0.6935  test_acc=0.6830  (61820s)
[train] done for 'member_3'. best cal_acc=0.6943, best test_acc=0.6834
[train] checkpoint -> /Users/palvashamadireddy/Downloads/Internship /checkpoints/member_3.pt
